FileExist 
